// Jest Snapshot v1, https://goo.gl/fbAQLP

exports[`uiState hoc should do render without exploding 1`] = `
<Provider
  store={
    Object {
      "@@observable": [Function],
      "dispatch": [Function],
      "getState": [Function],
      "replaceReducer": [Function],
      "subscribe": [Function],
    }
  }
>
  <wrapped-test-component />
</Provider>
`;

exports[`uiState hoc should do render without exploding 2`] = `[Function]`;
